Archive member included to satisfy reference by file (symbol)

/opt/st/stm32cubeide_1.5.1/plugins/com.st.stm32cube.ide.mcu.externaltools.gnu-tools-for-stm32.7-2018-q2-update.linux64_1.5.0.202011040924/tools/bin/../lib/gcc/arm-none-eabi/7.3.1/../../../../arm-none-eabi/lib/thumb/v7e-m/fpv4-sp/hard/libc_nano.a(lib_a-errno.o)
                              Core/Src/syscalls.o (__errno)
/opt/st/stm32cubeide_1.5.1/plugins/com.st.stm32cube.ide.mcu.externaltools.gnu-tools-for-stm32.7-2018-q2-update.linux64_1.5.0.202011040924/tools/bin/../lib/gcc/arm-none-eabi/7.3.1/../../../../arm-none-eabi/lib/thumb/v7e-m/fpv4-sp/hard/libc_nano.a(lib_a-exit.o)
                              /opt/st/stm32cubeide_1.5.1/plugins/com.st.stm32cube.ide.mcu.externaltools.gnu-tools-for-stm32.7-2018-q2-update.linux64_1.5.0.202011040924/tools/bin/../lib/gcc/arm-none-eabi/7.3.1/../../../../arm-none-eabi/lib/thumb/v7e-m/fpv4-sp/hard/crt0.o (exit)
/opt/st/stm32cubeide_1.5.1/plugins/com.st.stm32cube.ide.mcu.externaltools.gnu-tools-for-stm32.7-2018-q2-update.linux64_1.5.0.202011040924/tools/bin/../lib/gcc/arm-none-eabi/7.3.1/../../../../arm-none-eabi/lib/thumb/v7e-m/fpv4-sp/hard/libc_nano.a(lib_a-impure.o)
                              /opt/st/stm32cubeide_1.5.1/plugins/com.st.stm32cube.ide.mcu.externaltools.gnu-tools-for-stm32.7-2018-q2-update.linux64_1.5.0.202011040924/tools/bin/../lib/gcc/arm-none-eabi/7.3.1/../../../../arm-none-eabi/lib/thumb/v7e-m/fpv4-sp/hard/libc_nano.a(lib_a-exit.o) (_global_impure_ptr)
/opt/st/stm32cubeide_1.5.1/plugins/com.st.stm32cube.ide.mcu.externaltools.gnu-tools-for-stm32.7-2018-q2-update.linux64_1.5.0.202011040924/tools/bin/../lib/gcc/arm-none-eabi/7.3.1/../../../../arm-none-eabi/lib/thumb/v7e-m/fpv4-sp/hard/libc_nano.a(lib_a-init.o)
                              /opt/st/stm32cubeide_1.5.1/plugins/com.st.stm32cube.ide.mcu.externaltools.gnu-tools-for-stm32.7-2018-q2-update.linux64_1.5.0.202011040924/tools/bin/../lib/gcc/arm-none-eabi/7.3.1/../../../../arm-none-eabi/lib/thumb/v7e-m/fpv4-sp/hard/crt0.o (__libc_init_array)
/opt/st/stm32cubeide_1.5.1/plugins/com.st.stm32cube.ide.mcu.externaltools.gnu-tools-for-stm32.7-2018-q2-update.linux64_1.5.0.202011040924/tools/bin/../lib/gcc/arm-none-eabi/7.3.1/../../../../arm-none-eabi/lib/thumb/v7e-m/fpv4-sp/hard/libc_nano.a(lib_a-memcpy-stub.o)
                              FreeRTOS/queue.o (memcpy)
/opt/st/stm32cubeide_1.5.1/plugins/com.st.stm32cube.ide.mcu.externaltools.gnu-tools-for-stm32.7-2018-q2-update.linux64_1.5.0.202011040924/tools/bin/../lib/gcc/arm-none-eabi/7.3.1/../../../../arm-none-eabi/lib/thumb/v7e-m/fpv4-sp/hard/libc_nano.a(lib_a-memset.o)
                              /opt/st/stm32cubeide_1.5.1/plugins/com.st.stm32cube.ide.mcu.externaltools.gnu-tools-for-stm32.7-2018-q2-update.linux64_1.5.0.202011040924/tools/bin/../lib/gcc/arm-none-eabi/7.3.1/../../../../arm-none-eabi/lib/thumb/v7e-m/fpv4-sp/hard/crt0.o (memset)
/opt/st/stm32cubeide_1.5.1/plugins/com.st.stm32cube.ide.mcu.externaltools.gnu-tools-for-stm32.7-2018-q2-update.linux64_1.5.0.202011040924/tools/bin/../lib/gcc/arm-none-eabi/7.3.1/thumb/v7e-m/fpv4-sp/hard/libgcc.a(_aeabi_uldivmod.o)
                              Drivers/STM32F4xx_HAL_Driver/Src/stm32f4xx_hal_rcc.o (__aeabi_uldivmod)
/opt/st/stm32cubeide_1.5.1/plugins/com.st.stm32cube.ide.mcu.externaltools.gnu-tools-for-stm32.7-2018-q2-update.linux64_1.5.0.202011040924/tools/bin/../lib/gcc/arm-none-eabi/7.3.1/thumb/v7e-m/fpv4-sp/hard/libgcc.a(_udivmoddi4.o)
                              /opt/st/stm32cubeide_1.5.1/plugins/com.st.stm32cube.ide.mcu.externaltools.gnu-tools-for-stm32.7-2018-q2-update.linux64_1.5.0.202011040924/tools/bin/../lib/gcc/arm-none-eabi/7.3.1/thumb/v7e-m/fpv4-sp/hard/libgcc.a(_aeabi_uldivmod.o) (__udivmoddi4)
/opt/st/stm32cubeide_1.5.1/plugins/com.st.stm32cube.ide.mcu.externaltools.gnu-tools-for-stm32.7-2018-q2-update.linux64_1.5.0.202011040924/tools/bin/../lib/gcc/arm-none-eabi/7.3.1/thumb/v7e-m/fpv4-sp/hard/libgcc.a(_dvmd_tls.o)
                              /opt/st/stm32cubeide_1.5.1/plugins/com.st.stm32cube.ide.mcu.externaltools.gnu-tools-for-stm32.7-2018-q2-update.linux64_1.5.0.202011040924/tools/bin/../lib/gcc/arm-none-eabi/7.3.1/thumb/v7e-m/fpv4-sp/hard/libgcc.a(_aeabi_uldivmod.o) (__aeabi_ldiv0)

Allocating common symbols
Common symbol       size              file

xSemaphore          0x4               Core/Src/main.o
uwTick              0x4               Drivers/STM32F4xx_HAL_Driver/Src/stm32f4xx_hal.o
xQueueRegistry      0x40              FreeRTOS/queue.o
pFlash              0x20              Drivers/STM32F4xx_HAL_Driver/Src/stm32f4xx_hal_flash.o
htim6               0x40              Core/Src/stm32f4xx_hal_timebase_tim.o
hspi1               0x58              Core/Src/main.o

Discarded input sections

[...]
Memory Configuration

Name             Origin             Length             Attributes
CCMRAM           0x0000000010000000 0x0000000000010000 xrw
RAM              0x0000000020000000 0x0000000000020000 xrw
FLASH            0x0000000008000000 0x0000000000100000 xr
*default*        0x0000000000000000 0xffffffffffffffff

Linker script and memory map

LOAD /opt/st/stm32cubeide_1.5.1/plugins/com.st.stm32cube.ide.mcu.externaltools.gnu-tools-for-stm32.7-2018-q2-update.linux64_1.5.0.202011040924/tools/bin/../lib/gcc/arm-none-eabi/7.3.1/thumb/v7e-m/fpv4-sp/hard/crti.o
LOAD /opt/st/stm32cubeide_1.5.1/plugins/com.st.stm32cube.ide.mcu.externaltools.gnu-tools-for-stm32.7-2018-q2-update.linux64_1.5.0.202011040924/tools/bin/../lib/gcc/arm-none-eabi/7.3.1/thumb/v7e-m/fpv4-sp/hard/crtbegin.o
LOAD /opt/st/stm32cubeide_1.5.1/plugins/com.st.stm32cube.ide.mcu.externaltools.gnu-tools-for-stm32.7-2018-q2-update.linux64_1.5.0.202011040924/tools/bin/../lib/gcc/arm-none-eabi/7.3.1/../../../../arm-none-eabi/lib/thumb/v7e-m/fpv4-sp/hard/crt0.o
LOAD Core/Src/main.o
LOAD Core/Src/stm32f4xx_hal_msp.o
LOAD Core/Src/stm32f4xx_hal_timebase_tim.o
LOAD Core/Src/stm32f4xx_it.o
LOAD Core/Src/syscalls.o
LOAD Core/Src/sysmem.o
LOAD Core/Src/system_stm32f4xx.o
LOAD Core/Startup/startup_stm32f407vgtx.o
LOAD Drivers/STM32F4xx_HAL_Driver/Src/stm32f4xx_hal.o
LOAD Drivers/STM32F4xx_HAL_Driver/Src/stm32f4xx_hal_cortex.o
LOAD Drivers/STM32F4xx_HAL_Driver/Src/stm32f4xx_hal_dma.o
LOAD Drivers/STM32F4xx_HAL_Driver/Src/stm32f4xx_hal_dma_ex.o
LOAD Drivers/STM32F4xx_HAL_Driver/Src/stm32f4xx_hal_exti.o
LOAD Drivers/STM32F4xx_HAL_Driver/Src/stm32f4xx_hal_flash.o
LOAD Drivers/STM32F4xx_HAL_Driver/Src/stm32f4xx_hal_flash_ex.o
LOAD Drivers/STM32F4xx_HAL_Driver/Src/stm32f4xx_hal_flash_ramfunc.o
LOAD Drivers/STM32F4xx_HAL_Driver/Src/stm32f4xx_hal_gpio.o
LOAD Drivers/STM32F4xx_HAL_Driver/Src/stm32f4xx_hal_pwr.o
LOAD Drivers/STM32F4xx_HAL_Driver/Src/stm32f4xx_hal_pwr_ex.o
LOAD Drivers/STM32F4xx_HAL_Driver/Src/stm32f4xx_hal_rcc.o
LOAD Drivers/STM32F4xx_HAL_Driver/Src/stm32f4xx_hal_rcc_ex.o
LOAD Drivers/STM32F4xx_HAL_Driver/Src/stm32f4xx_hal_spi.o
LOAD Drivers/STM32F4xx_HAL_Driver/Src/stm32f4xx_hal_tim.o
LOAD Drivers/STM32F4xx_HAL_Driver/Src/stm32f4xx_hal_tim_ex.o
LOAD FreeRTOS/ARM_CM4F/port.o
LOAD FreeRTOS/croutine.o
LOAD FreeRTOS/event_groups.o
LOAD FreeRTOS/heap_4.o
LOAD FreeRTOS/list.o
LOAD FreeRTOS/queue.o
LOAD FreeRTOS/stream_buffer.o
LOAD FreeRTOS/tasks.o
LOAD FreeRTOS/timers.o
START GROUP
LOAD /opt/st/stm32cubeide_1.5.1/plugins/com.st.stm32cube.ide.mcu.externaltools.gnu-tools-for-stm32.7-2018-q2-update.linux64_1.5.0.202011040924/tools/bin/../lib/gcc/arm-none-eabi/7.3.1/../../../../arm-none-eabi/lib/thumb/v7e-m/fpv4-sp/hard/libc_nano.a
LOAD /opt/st/stm32cubeide_1.5.1/plugins/com.st.stm32cube.ide.mcu.externaltools.gnu-tools-for-stm32.7-2018-q2-update.linux64_1.5.0.202011040924/tools/bin/../lib/gcc/arm-none-eabi/7.3.1/../../../../arm-none-eabi/lib/thumb/v7e-m/fpv4-sp/hard/libm.a
END GROUP
START GROUP
LOAD /opt/st/stm32cubeide_1.5.1/plugins/com.st.stm32cube.ide.mcu.externaltools.gnu-tools-for-stm32.7-2018-q2-update.linux64_1.5.0.202011040924/tools/bin/../lib/gcc/arm-none-eabi/7.3.1/thumb/v7e-m/fpv4-sp/hard/libgcc.a
LOAD /opt/st/stm32cubeide_1.5.1/plugins/com.st.stm32cube.ide.mcu.externaltools.gnu-tools-for-stm32.7-2018-q2-update.linux64_1.5.0.202011040924/tools/bin/../lib/gcc/arm-none-eabi/7.3.1/../../../../arm-none-eabi/lib/thumb/v7e-m/fpv4-sp/hard/libc_nano.a
END GROUP
START GROUP
LOAD /opt/st/stm32cubeide_1.5.1/plugins/com.st.stm32cube.ide.mcu.externaltools.gnu-tools-for-stm32.7-2018-q2-update.linux64_1.5.0.202011040924/tools/bin/../lib/gcc/arm-none-eabi/7.3.1/thumb/v7e-m/fpv4-sp/hard/libgcc.a
LOAD /opt/st/stm32cubeide_1.5.1/plugins/com.st.stm32cube.ide.mcu.externaltools.gnu-tools-for-stm32.7-2018-q2-update.linux64_1.5.0.202011040924/tools/bin/../lib/gcc/arm-none-eabi/7.3.1/../../../../arm-none-eabi/lib/thumb/v7e-m/fpv4-sp/hard/libc_nano.a
LOAD /opt/st/stm32cubeide_1.5.1/plugins/com.st.stm32cube.ide.mcu.externaltools.gnu-tools-for-stm32.7-2018-q2-update.linux64_1.5.0.202011040924/tools/bin/../lib/gcc/arm-none-eabi/7.3.1/../../../../arm-none-eabi/lib/thumb/v7e-m/fpv4-sp/hard/libnosys.a
END GROUP
START GROUP
LOAD /opt/st/stm32cubeide_1.5.1/plugins/com.st.stm32cube.ide.mcu.externaltools.gnu-tools-for-stm32.7-2018-q2-update.linux64_1.5.0.202011040924/tools/bin/../lib/gcc/arm-none-eabi/7.3.1/thumb/v7e-m/fpv4-sp/hard/libgcc.a
LOAD /opt/st/stm32cubeide_1.5.1/plugins/com.st.stm32cube.ide.mcu.externaltools.gnu-tools-for-stm32.7-2018-q2-update.linux64_1.5.0.202011040924/tools/bin/../lib/gcc/arm-none-eabi/7.3.1/../../../../arm-none-eabi/lib/thumb/v7e-m/fpv4-sp/hard/libc_nano.a
LOAD /opt/st/stm32cubeide_1.5.1/plugins/com.st.stm32cube.ide.mcu.externaltools.gnu-tools-for-stm32.7-2018-q2-update.linux64_1.5.0.202011040924/tools/bin/../lib/gcc/arm-none-eabi/7.3.1/../../../../arm-none-eabi/lib/thumb/v7e-m/fpv4-sp/hard/libnosys.a
END GROUP
LOAD /opt/st/stm32cubeide_1.5.1/plugins/com.st.stm32cube.ide.mcu.externaltools.gnu-tools-for-stm32.7-2018-q2-update.linux64_1.5.0.202011040924/tools/bin/../lib/gcc/arm-none-eabi/7.3.1/thumb/v7e-m/fpv4-sp/hard/crtend.o
LOAD /opt/st/stm32cubeide_1.5.1/plugins/com.st.stm32cube.ide.mcu.externaltools.gnu-tools-for-stm32.7-2018-q2-update.linux64_1.5.0.202011040924/tools/bin/../lib/gcc/arm-none-eabi/7.3.1/thumb/v7e-m/fpv4-sp/hard/crtn.o
                0x0000000020020000                _estack = (ORIGIN (RAM) + LENGTH (RAM))
                0x0000000000000200                _Min_Heap_Size = 0x200
                0x0000000000000400                _Min_Stack_Size = 0x400

.isr_vector     0x0000000008000000      0x188
                0x0000000008000000                . = ALIGN (0x4)
 *(.isr_vector)
 .isr_vector    0x0000000008000000      0x188 Core/Startup/startup_stm32f407vgtx.o
                0x0000000008000000                g_pfnVectors
                0x0000000008000188                . = ALIGN (0x4)

.text           0x0000000008000190     0x548c
                0x0000000008000190                . = ALIGN (0x4)
 *(.text)
 .text          0x0000000008000190       0x40 /opt/st/stm32cubeide_1.5.1/plugins/com.st.stm32cube.ide.mcu.externaltools.gnu-tools-for-stm32.7-2018-q2-update.linux64_1.5.0.202011040924/tools/bin/../lib/gcc/arm-none-eabi/7.3.1/thumb/v7e-m/fpv4-sp/hard/crtbegin.o
 .text          0x00000000080001d0       0x30 /opt/st/stm32cubeide_1.5.1/plugins/com.st.stm32cube.ide.mcu.externaltools.gnu-tools-for-stm32.7-2018-q2-update.linux64_1.5.0.202011040924/tools/bin/../lib/gcc/arm-none-eabi/7.3.1/thumb/v7e-m/fpv4-sp/hard/libgcc.a(_aeabi_uldivmod.o)
                0x00000000080001d0                __aeabi_uldivmod
 .text          0x0000000008000200      0x2cc /opt/st/stm32cubeide_1.5.1/plugins/com.st.stm32cube.ide.mcu.externaltools.gnu-tools-for-stm32.7-2018-q2-update.linux64_1.5.0.202011040924/tools/bin/../lib/gcc/arm-none-eabi/7.3.1/thumb/v7e-m/fpv4-sp/hard/libgcc.a(_udivmoddi4.o)
                0x0000000008000200                __udivmoddi4
 .text          0x00000000080004cc        0x4 /opt/st/stm32cubeide_1.5.1/plugins/com.st.stm32cube.ide.mcu.externaltools.gnu-tools-for-stm32.7-2018-q2-update.linux64_1.5.0.202011040924/tools/bin/../lib/gcc/arm-none-eabi/7.3.1/thumb/v7e-m/fpv4-sp/hard/libgcc.a(_dvmd_tls.o)
                0x00000000080004cc                __aeabi_ldiv0
                0x00000000080004cc                __aeabi_idiv0
 *(.text*)
 .text.MEMS_Write
                0x00000000080004d0       0x4c Core/Src/main.o
                0x00000000080004d0                MEMS_Write
 .text.MEMS_Read
                0x000000000800051c       0x54 Core/Src/main.o
                0x000000000800051c                MEMS_Read
 .text.MEMS_Init
                0x0000000008000570       0x58 Core/Src/main.o
                0x0000000008000570                MEMS_Init
 .text.main     0x00000000080005c8       0x70 Core/Src/main.o
                0x00000000080005c8                main
 .text.SystemClock_Config
                0x0000000008000638       0xbc Core/Src/main.o
                0x0000000008000638                SystemClock_Config
 .text.MX_SPI1_Init
                0x00000000080006f4       0x6c Core/Src/main.o
 .text.MX_GPIO_Init
                0x0000000008000760       0xfc Core/Src/main.o
 .text.GreenTask
                0x000000000800085c       0x1c Core/Src/main.o
                0x000000000800085c                GreenTask
 .text.OrangeTask
                0x0000000008000878       0x6c Core/Src/main.o
                0x0000000008000878                OrangeTask
 .text.HAL_GPIO_EXTI_Callback
                0x00000000080008e4       0x88 Core/Src/main.o
                0x00000000080008e4                HAL_GPIO_EXTI_Callback
 .text.HAL_TIM_PeriodElapsedCallback
                0x000000000800096c       0x24 Core/Src/main.o
                0x000000000800096c                HAL_TIM_PeriodElapsedCallback
 .text.Error_Handler
                0x0000000008000990        0x8 Core/Src/main.o
                0x0000000008000990                Error_Handler
 .text.HAL_MspInit
                0x0000000008000998       0x50 Core/Src/stm32f4xx_hal_msp.o
                0x0000000008000998                HAL_MspInit
 .text.HAL_SPI_MspInit
                0x00000000080009e8       0x90 Core/Src/stm32f4xx_hal_msp.o
                0x00000000080009e8                HAL_SPI_MspInit
 .text.HAL_InitTick
                0x0000000008000a78       0xb0 Core/Src/stm32f4xx_hal_timebase_tim.o
                0x0000000008000a78                HAL_InitTick
 .text.NMI_Handler
                0x0000000008000b28        0x6 Core/Src/stm32f4xx_it.o
                0x0000000008000b28                NMI_Handler
 .text.HardFault_Handler
                0x0000000008000b2e        0x6 Core/Src/stm32f4xx_it.o
                0x0000000008000b2e                HardFault_Handler
 .text.MemManage_Handler
                0x0000000008000b34        0x6 Core/Src/stm32f4xx_it.o
                0x0000000008000b34                MemManage_Handler
 .text.BusFault_Handler
                0x0000000008000b3a        0x6 Core/Src/stm32f4xx_it.o
                0x0000000008000b3a                BusFault_Handler
 .text.UsageFault_Handler
                0x0000000008000b40        0x6 Core/Src/stm32f4xx_it.o
                0x0000000008000b40                UsageFault_Handler
 .text.DebugMon_Handler
                0x0000000008000b46        0xe Core/Src/stm32f4xx_it.o
                0x0000000008000b46                DebugMon_Handler
 .text.EXTI0_IRQHandler
                0x0000000008000b54        0xe Core/Src/stm32f4xx_it.o
                0x0000000008000b54                EXTI0_IRQHandler
 *fill*         0x0000000008000b62        0x2 
 .text.TIM6_DAC_IRQHandler
                0x0000000008000b64       0x14 Core/Src/stm32f4xx_it.o
                0x0000000008000b64                TIM6_DAC_IRQHandler
 .text.SystemInit
                0x0000000008000b78       0x2c Core/Src/system_stm32f4xx.o
                0x0000000008000b78                SystemInit
 .text.Reset_Handler
                0x0000000008000ba4       0x50 Core/Startup/startup_stm32f407vgtx.o
                0x0000000008000ba4                Reset_Handler
 .text.Default_Handler
                0x0000000008000bf4        0x2 Core/Startup/startup_stm32f407vgtx.o
                0x0000000008000bf4                RTC_Alarm_IRQHandler
                0x0000000008000bf4                HASH_RNG_IRQHandler
                0x0000000008000bf4                EXTI2_IRQHandler
                0x0000000008000bf4                TIM8_CC_IRQHandler
                0x0000000008000bf4                TIM1_CC_IRQHandler
                0x0000000008000bf4                DMA2_Stream5_IRQHandler
                0x0000000008000bf4                DMA1_Stream5_IRQHandler
                0x0000000008000bf4                PVD_IRQHandler
                0x0000000008000bf4                SDIO_IRQHandler
                0x0000000008000bf4                TAMP_STAMP_IRQHandler
                0x0000000008000bf4                CAN2_RX1_IRQHandler
                0x0000000008000bf4                EXTI3_IRQHandler
                0x0000000008000bf4                TIM8_TRG_COM_TIM14_IRQHandler
                0x0000000008000bf4                TIM1_UP_TIM10_IRQHandler
                0x0000000008000bf4                TIM8_UP_TIM13_IRQHandler
                0x0000000008000bf4                I2C3_ER_IRQHandler
                0x0000000008000bf4                I2C2_EV_IRQHandler
                0x0000000008000bf4                DMA1_Stream2_IRQHandler
                0x0000000008000bf4                CAN1_RX0_IRQHandler
                0x0000000008000bf4                FPU_IRQHandler
                0x0000000008000bf4                OTG_HS_WKUP_IRQHandler
                0x0000000008000bf4                CAN2_SCE_IRQHandler
                0x0000000008000bf4                DMA2_Stream2_IRQHandler
                0x0000000008000bf4                SPI1_IRQHandler
                0x0000000008000bf4                TIM1_BRK_TIM9_IRQHandler
                0x0000000008000bf4                DCMI_IRQHandler
                0x0000000008000bf4                CAN2_RX0_IRQHandler
                0x0000000008000bf4                DMA2_Stream3_IRQHandler
                0x0000000008000bf4                USART6_IRQHandler
                0x0000000008000bf4                USART3_IRQHandler
                0x0000000008000bf4                CAN1_RX1_IRQHandler
                0x0000000008000bf4                UART5_IRQHandler
                0x0000000008000bf4                DMA2_Stream0_IRQHandler
                0x0000000008000bf4                TIM4_IRQHandler
                0x0000000008000bf4                I2C1_EV_IRQHandler
                0x0000000008000bf4                DMA1_Stream6_IRQHandler
                0x0000000008000bf4                DMA1_Stream1_IRQHandler
                0x0000000008000bf4                UART4_IRQHandler
                0x0000000008000bf4                TIM3_IRQHandler
                0x0000000008000bf4                RCC_IRQHandler
                0x0000000008000bf4                TIM8_BRK_TIM12_IRQHandler
                0x0000000008000bf4                Default_Handler
                0x0000000008000bf4                EXTI15_10_IRQHandler
                0x0000000008000bf4                ADC_IRQHandler
                0x0000000008000bf4                DMA1_Stream7_IRQHandler
                0x0000000008000bf4                TIM7_IRQHandler
                0x0000000008000bf4                CAN2_TX_IRQHandler
                0x0000000008000bf4                TIM5_IRQHandler
                0x0000000008000bf4                DMA2_Stream7_IRQHandler
                0x0000000008000bf4                I2C3_EV_IRQHandler
                0x0000000008000bf4                EXTI9_5_IRQHandler
                0x0000000008000bf4                RTC_WKUP_IRQHandler
                0x0000000008000bf4                ETH_WKUP_IRQHandler
                0x0000000008000bf4                SPI2_IRQHandler
                0x0000000008000bf4                OTG_HS_EP1_IN_IRQHandler
                0x0000000008000bf4                DMA1_Stream0_IRQHandler
                0x0000000008000bf4                CAN1_TX_IRQHandler
                0x0000000008000bf4                EXTI4_IRQHandler
                0x0000000008000bf4                FSMC_IRQHandler
                0x0000000008000bf4                ETH_IRQHandler
                0x0000000008000bf4                OTG_HS_EP1_OUT_IRQHandler
                0x0000000008000bf4                WWDG_IRQHandler
                0x0000000008000bf4                TIM2_IRQHandler
                0x0000000008000bf4                OTG_FS_WKUP_IRQHandler
                0x0000000008000bf4                TIM1_TRG_COM_TIM11_IRQHandler
                0x0000000008000bf4                OTG_HS_IRQHandler
                0x0000000008000bf4                EXTI1_IRQHandler
                0x0000000008000bf4                USART2_IRQHandler
                0x0000000008000bf4                I2C2_ER_IRQHandler
                0x0000000008000bf4                DMA2_Stream1_IRQHandler
                0x0000000008000bf4                CAN1_SCE_IRQHandler
                0x0000000008000bf4                FLASH_IRQHandler
                0x0000000008000bf4                DMA2_Stream4_IRQHandler
                0x0000000008000bf4                USART1_IRQHandler
                0x0000000008000bf4                OTG_FS_IRQHandler
                0x0000000008000bf4                SPI3_IRQHandler
                0x0000000008000bf4                DMA1_Stream4_IRQHandler
                0x0000000008000bf4                I2C1_ER_IRQHandler
                0x0000000008000bf4                DMA2_Stream6_IRQHandler
                0x0000000008000bf4                DMA1_Stream3_IRQHandler
 *fill*         0x0000000008000bf6        0x2 
 .text.HAL_Init
                0x0000000008000bf8       0x44 Drivers/STM32F4xx_HAL_Driver/Src/stm32f4xx_hal.o
                0x0000000008000bf8                HAL_Init
 .text.HAL_IncTick
                0x0000000008000c3c       0x28 Drivers/STM32F4xx_HAL_Driver/Src/stm32f4xx_hal.o
                0x0000000008000c3c                HAL_IncTick
 .text.HAL_GetTick
                0x0000000008000c64       0x18 Drivers/STM32F4xx_HAL_Driver/Src/stm32f4xx_hal.o
                0x0000000008000c64                HAL_GetTick
 .text.__NVIC_SetPriorityGrouping
                0x0000000008000c7c       0x48 Drivers/STM32F4xx_HAL_Driver/Src/stm32f4xx_hal_cortex.o
 .text.__NVIC_GetPriorityGrouping
                0x0000000008000cc4       0x1c Drivers/STM32F4xx_HAL_Driver/Src/stm32f4xx_hal_cortex.o
 .text.__NVIC_EnableIRQ
                0x0000000008000ce0       0x3c Drivers/STM32F4xx_HAL_Driver/Src/stm32f4xx_hal_cortex.o
 .text.__NVIC_SetPriority
                0x0000000008000d1c       0x54 Drivers/STM32F4xx_HAL_Driver/Src/stm32f4xx_hal_cortex.o
 .text.NVIC_EncodePriority
                0x0000000008000d70       0x66 Drivers/STM32F4xx_HAL_Driver/Src/stm32f4xx_hal_cortex.o
 .text.HAL_NVIC_SetPriorityGrouping
                0x0000000008000dd6       0x16 Drivers/STM32F4xx_HAL_Driver/Src/stm32f4xx_hal_cortex.o
                0x0000000008000dd6                HAL_NVIC_SetPriorityGrouping
 .text.HAL_NVIC_SetPriority
                0x0000000008000dec       0x38 Drivers/STM32F4xx_HAL_Driver/Src/stm32f4xx_hal_cortex.o
                0x0000000008000dec                HAL_NVIC_SetPriority
 .text.HAL_NVIC_EnableIRQ
                0x0000000008000e24       0x1c Drivers/STM32F4xx_HAL_Driver/Src/stm32f4xx_hal_cortex.o
                0x0000000008000e24                HAL_NVIC_EnableIRQ
 .text.HAL_GPIO_Init
                0x0000000008000e40      0x334 Drivers/STM32F4xx_HAL_Driver/Src/stm32f4xx_hal_gpio.o
                0x0000000008000e40                HAL_GPIO_Init
 .text.HAL_GPIO_ReadPin
                0x0000000008001174       0x30 Drivers/STM32F4xx_HAL_Driver/Src/stm32f4xx_hal_gpio.o
                0x0000000008001174                HAL_GPIO_ReadPin
 .text.HAL_GPIO_WritePin
                0x00000000080011a4       0x32 Drivers/STM32F4xx_HAL_Driver/Src/stm32f4xx_hal_gpio.o
                0x00000000080011a4                HAL_GPIO_WritePin
 .text.HAL_GPIO_TogglePin
                0x00000000080011d6       0x36 Drivers/STM32F4xx_HAL_Driver/Src/stm32f4xx_hal_gpio.o
                0x00000000080011d6                HAL_GPIO_TogglePin
 .text.HAL_GPIO_EXTI_IRQHandler
                0x000000000800120c       0x30 Drivers/STM32F4xx_HAL_Driver/Src/stm32f4xx_hal_gpio.o
                0x000000000800120c                HAL_GPIO_EXTI_IRQHandler
 .text.HAL_RCC_OscConfig
                0x000000000800123c      0x4e0 Drivers/STM32F4xx_HAL_Driver/Src/stm32f4xx_hal_rcc.o
                0x000000000800123c                HAL_RCC_OscConfig
 .text.HAL_RCC_ClockConfig
                0x000000000800171c      0x1cc Drivers/STM32F4xx_HAL_Driver/Src/stm32f4xx_hal_rcc.o
                0x000000000800171c                HAL_RCC_ClockConfig
 .text.HAL_RCC_GetSysClockFreq
                0x00000000080018e8      0x164 Drivers/STM32F4xx_HAL_Driver/Src/stm32f4xx_hal_rcc.o
                0x00000000080018e8                HAL_RCC_GetSysClockFreq
 .text.HAL_RCC_GetHCLKFreq
                0x0000000008001a4c       0x18 Drivers/STM32F4xx_HAL_Driver/Src/stm32f4xx_hal_rcc.o
                0x0000000008001a4c                HAL_RCC_GetHCLKFreq
 .text.HAL_RCC_GetPCLK1Freq
                0x0000000008001a64       0x28 Drivers/STM32F4xx_HAL_Driver/Src/stm32f4xx_hal_rcc.o
                0x0000000008001a64                HAL_RCC_GetPCLK1Freq
 .text.HAL_RCC_GetClockConfig
                0x0000000008001a8c       0x64 Drivers/STM32F4xx_HAL_Driver/Src/stm32f4xx_hal_rcc.o
                0x0000000008001a8c                HAL_RCC_GetClockConfig
 .text.HAL_SPI_Init
                0x0000000008001af0       0xc8 Drivers/STM32F4xx_HAL_Driver/Src/stm32f4xx_hal_spi.o
                0x0000000008001af0                HAL_SPI_Init
 .text.HAL_SPI_Transmit
                0x0000000008001bb8      0x268 Drivers/STM32F4xx_HAL_Driver/Src/stm32f4xx_hal_spi.o
                0x0000000008001bb8                HAL_SPI_Transmit
 .text.HAL_SPI_Receive
                0x0000000008001e20      0x212 Drivers/STM32F4xx_HAL_Driver/Src/stm32f4xx_hal_spi.o
                0x0000000008001e20                HAL_SPI_Receive
 .text.HAL_SPI_TransmitReceive
                0x0000000008002032      0x344 Drivers/STM32F4xx_HAL_Driver/Src/stm32f4xx_hal_spi.o
                0x0000000008002032                HAL_SPI_TransmitReceive
 .text.SPI_WaitFlagStateUntilTimeout
                0x0000000008002376       0xd4 Drivers/STM32F4xx_HAL_Driver/Src/stm32f4xx_hal_spi.o
 .text.SPI_EndRxTransaction
                0x000000000800244a       0xca Drivers/STM32F4xx_HAL_Driver/Src/stm32f4xx_hal_spi.o
 .text.SPI_EndRxTxTransaction
                0x0000000008002514       0x84 Drivers/STM32F4xx_HAL_Driver/Src/stm32f4xx_hal_spi.o
 .text.HAL_TIM_Base_Init
                0x0000000008002598       0x56 Drivers/STM32F4xx_HAL_Driver/Src/stm32f4xx_hal_tim.o
                0x0000000008002598                HAL_TIM_Base_Init
 .text.HAL_TIM_Base_MspInit
                0x00000000080025ee       0x14 Drivers/STM32F4xx_HAL_Driver/Src/stm32f4xx_hal_tim.o
                0x00000000080025ee                HAL_TIM_Base_MspInit
 .text.HAL_TIM_Base_Start_IT
                0x0000000008002602       0x48 Drivers/STM32F4xx_HAL_Driver/Src/stm32f4xx_hal_tim.o
                0x0000000008002602                HAL_TIM_Base_Start_IT
 .text.HAL_TIM_IRQHandler
                0x000000000800264a      0x210 Drivers/STM32F4xx_HAL_Driver/Src/stm32f4xx_hal_tim.o
                0x000000000800264a                HAL_TIM_IRQHandler
 .text.HAL_TIM_OC_DelayElapsedCallback
                0x000000000800285a       0x14 Drivers/STM32F4xx_HAL_Driver/Src/stm32f4xx_hal_tim.o
                0x000000000800285a                HAL_TIM_OC_DelayElapsedCallback
 .text.HAL_TIM_IC_CaptureCallback
                0x000000000800286e       0x14 Drivers/STM32F4xx_HAL_Driver/Src/stm32f4xx_hal_tim.o
                0x000000000800286e                HAL_TIM_IC_CaptureCallback
 .text.HAL_TIM_PWM_PulseFinishedCallback
                0x0000000008002882       0x14 Drivers/STM32F4xx_HAL_Driver/Src/stm32f4xx_hal_tim.o
                0x0000000008002882                HAL_TIM_PWM_PulseFinishedCallback
 .text.HAL_TIM_TriggerCallback
                0x0000000008002896       0x14 Drivers/STM32F4xx_HAL_Driver/Src/stm32f4xx_hal_tim.o
                0x0000000008002896                HAL_TIM_TriggerCallback
 *fill*         0x00000000080028aa        0x2 
 .text.TIM_Base_SetConfig
                0x00000000080028ac      0x140 Drivers/STM32F4xx_HAL_Driver/Src/stm32f4xx_hal_tim.o
                0x00000000080028ac                TIM_Base_SetConfig
 .text.HAL_TIMEx_CommutCallback
                0x00000000080029ec       0x14 Drivers/STM32F4xx_HAL_Driver/Src/stm32f4xx_hal_tim_ex.o
                0x00000000080029ec                HAL_TIMEx_CommutCallback
 .text.HAL_TIMEx_BreakCallback
                0x0000000008002a00       0x14 Drivers/STM32F4xx_HAL_Driver/Src/stm32f4xx_hal_tim_ex.o
                0x0000000008002a00                HAL_TIMEx_BreakCallback
 .text.pxPortInitialiseStack
                0x0000000008002a14       0x68 FreeRTOS/ARM_CM4F/port.o
                0x0000000008002a14                pxPortInitialiseStack
 .text.prvTaskExitError
                0x0000000008002a7c       0x54 FreeRTOS/ARM_CM4F/port.o
 .text.SVC_Handler
                0x0000000008002ad0       0x28 FreeRTOS/ARM_CM4F/port.o
                0x0000000008002ad0                SVC_Handler
 .text.prvPortStartFirstTask
                0x0000000008002af8       0x28 FreeRTOS/ARM_CM4F/port.o
 .text.xPortStartScheduler
                0x0000000008002b20      0x13c FreeRTOS/ARM_CM4F/port.o
                0x0000000008002b20                xPortStartScheduler
 .text.vPortEnterCritical
                0x0000000008002c5c       0x5c FreeRTOS/ARM_CM4F/port.o
                0x0000000008002c5c                vPortEnterCritical
 .text.vPortExitCritical
                0x0000000008002cb8       0x50 FreeRTOS/ARM_CM4F/port.o
                0x0000000008002cb8                vPortExitCritical
 *fill*         0x0000000008002d08        0x8 
 .text.PendSV_Handler
                0x0000000008002d10       0x68 FreeRTOS/ARM_CM4F/port.o
                0x0000000008002d10                PendSV_Handler
 .text.SysTick_Handler
                0x0000000008002d78       0x40 FreeRTOS/ARM_CM4F/port.o
                0x0000000008002d78                SysTick_Handler
 .text.vPortSetupTimerInterrupt
                0x0000000008002db8       0x48 FreeRTOS/ARM_CM4F/port.o
                0x0000000008002db8                vPortSetupTimerInterrupt
 .text.vPortEnableVFP
                0x0000000008002e00       0x14 FreeRTOS/ARM_CM4F/port.o
 .text.vPortValidateInterruptPriority
                0x0000000008002e14       0x7c FreeRTOS/ARM_CM4F/port.o
                0x0000000008002e14                vPortValidateInterruptPriority
 .text.pvPortMalloc
                0x0000000008002e90      0x184 FreeRTOS/heap_4.o
                0x0000000008002e90                pvPortMalloc
 .text.vPortFree
                0x0000000008003014       0xb0 FreeRTOS/heap_4.o
                0x0000000008003014                vPortFree
 .text.prvHeapInit
                0x00000000080030c4       0xc4 FreeRTOS/heap_4.o
 .text.prvInsertBlockIntoFreeList
                0x0000000008003188       0xb4 FreeRTOS/heap_4.o
 .text.vListInitialise
                0x000000000800323c       0x40 FreeRTOS/list.o
                0x000000000800323c                vListInitialise
 .text.vListInitialiseItem
                0x000000000800327c       0x1a FreeRTOS/list.o
                0x000000000800327c                vListInitialiseItem
 .text.vListInsertEnd
                0x0000000008003296       0x48 FreeRTOS/list.o
                0x0000000008003296                vListInsertEnd
 .text.vListInsert
                0x00000000080032de       0x72 FreeRTOS/list.o
                0x00000000080032de                vListInsert
 .text.uxListRemove
                0x0000000008003350       0x54 FreeRTOS/list.o
                0x0000000008003350                uxListRemove
 .text.xQueueGenericReset
                0x00000000080033a4       0xd0 FreeRTOS/queue.o
                0x00000000080033a4                xQueueGenericReset
 .text.xQueueGenericCreate
                0x0000000008003474       0x76 FreeRTOS/queue.o
                0x0000000008003474                xQueueGenericCreate
 .text.prvInitialiseNewQueue
                0x00000000080034ea       0x46 FreeRTOS/queue.o
 .text.xQueueGenericSend
                0x0000000008003530      0x1f4 FreeRTOS/queue.o
                0x0000000008003530                xQueueGenericSend
 .text.xQueueGenericSendFromISR
                0x0000000008003724      0x128 FreeRTOS/queue.o
                0x0000000008003724                xQueueGenericSendFromISR
 .text.xQueueGiveFromISR
                0x000000000800384c      0x112 FreeRTOS/queue.o
                0x000000000800384c                xQueueGiveFromISR
 *fill*         0x000000000800395e        0x2 
 .text.xQueueReceive
                0x0000000008003960      0x1b8 FreeRTOS/queue.o
                0x0000000008003960                xQueueReceive
 .text.xQueueSemaphoreTake
                0x0000000008003b18      0x210 FreeRTOS/queue.o
                0x0000000008003b18                xQueueSemaphoreTake
 .text.prvGetDisinheritPriorityAfterTimeout
                0x0000000008003d28       0x30 FreeRTOS/queue.o
 .text.prvCopyDataToQueue
                0x0000000008003d58       0xd4 FreeRTOS/queue.o
 .text.prvCopyDataFromQueue
                0x0000000008003e2c       0x4c FreeRTOS/queue.o
 .text.prvUnlockQueue
                0x0000000008003e78       0xa4 FreeRTOS/queue.o
 .text.prvIsQueueEmpty
                0x0000000008003f1c       0x2c FreeRTOS/queue.o
 .text.prvIsQueueFull
                0x0000000008003f48       0x30 FreeRTOS/queue.o
 .text.vQueueAddToRegistry
                0x0000000008003f78       0x50 FreeRTOS/queue.o
                0x0000000008003f78                vQueueAddToRegistry
 .text.vQueueWaitForMessageRestricted
                0x0000000008003fc8       0x68 FreeRTOS/queue.o
                0x0000000008003fc8                vQueueWaitForMessageRestricted
 .text.xTaskCreate
                0x0000000008004030       0x82 FreeRTOS/tasks.o
                0x0000000008004030                xTaskCreate
 .text.prvInitialiseNewTask
                0x00000000080040b2      0x11c FreeRTOS/tasks.o
 *fill*         0x00000000080041ce        0x2 
 .text.prvAddNewTaskToReadyList
                0x00000000080041d0       0xdc FreeRTOS/tasks.o
 .text.vTaskDelay
                0x00000000080042ac       0x68 FreeRTOS/tasks.o
                0x00000000080042ac                vTaskDelay
 .text.vTaskStartScheduler
                0x0000000008004314       0x98 FreeRTOS/tasks.o
                0x0000000008004314                vTaskStartScheduler
 .text.vTaskSuspendAll
                0x00000000080043ac       0x1c FreeRTOS/tasks.o
                0x00000000080043ac                vTaskSuspendAll
 .text.xTaskResumeAll
                0x00000000080043c8      0x138 FreeRTOS/tasks.o
                0x00000000080043c8                xTaskResumeAll
 .text.xTaskGetTickCount
                0x0000000008004500       0x20 FreeRTOS/tasks.o
                0x0000000008004500                xTaskGetTickCount
 .text.xTaskIncrementTick
                0x0000000008004520      0x170 FreeRTOS/tasks.o
                0x0000000008004520                xTaskIncrementTick
 .text.vTaskSwitchContext
                0x0000000008004690       0xb4 FreeRTOS/tasks.o
                0x0000000008004690                vTaskSwitchContext
 .text.vTaskPlaceOnEventList
                0x0000000008004744       0x48 FreeRTOS/tasks.o
                0x0000000008004744                vTaskPlaceOnEventList
 .text.vTaskPlaceOnEventListRestricted
                0x000000000800478c       0x54 FreeRTOS/tasks.o
                0x000000000800478c                vTaskPlaceOnEventListRestricted
 .text.xTaskRemoveFromEventList
                0x00000000080047e0       0xc4 FreeRTOS/tasks.o
                0x00000000080047e0                xTaskRemoveFromEventList
 .text.vTaskInternalSetTimeOutState
                0x00000000080048a4       0x2c FreeRTOS/tasks.o
                0x00000000080048a4                vTaskInternalSetTimeOutState
 .text.xTaskCheckForTimeOut
                0x00000000080048d0       0xc0 FreeRTOS/tasks.o
                0x00000000080048d0                xTaskCheckForTimeOut
 .text.vTaskMissedYield
                0x0000000008004990       0x18 FreeRTOS/tasks.o
                0x0000000008004990                vTaskMissedYield
 .text.prvIdleTask
                0x00000000080049a8       0x30 FreeRTOS/tasks.o
 .text.prvInitialiseTaskLists
                0x00000000080049d8       0x80 FreeRTOS/tasks.o
 .text.prvCheckTasksWaitingTermination
                0x0000000008004a58       0x58 FreeRTOS/tasks.o
 .text.prvDeleteTCB
                0x0000000008004ab0       0x20 FreeRTOS/tasks.o
 .text.prvResetNextTaskUnblockTime
                0x0000000008004ad0       0x40 FreeRTOS/tasks.o
 .text.xTaskGetSchedulerState
                0x0000000008004b10       0x3c FreeRTOS/tasks.o
                0x0000000008004b10                xTaskGetSchedulerState
 .text.xTaskPriorityInherit
                0x0000000008004b4c      0x100 FreeRTOS/tasks.o
                0x0000000008004b4c                xTaskPriorityInherit
 .text.xTaskPriorityDisinherit
                0x0000000008004c4c      0x108 FreeRTOS/tasks.o
                0x0000000008004c4c                xTaskPriorityDisinherit
 .text.vTaskPriorityDisinheritAfterTimeout
                0x0000000008004d54      0x130 FreeRTOS/tasks.o
                0x0000000008004d54                vTaskPriorityDisinheritAfterTimeout
 .text.pvTaskIncrementMutexHeldCount
                0x0000000008004e84       0x28 FreeRTOS/tasks.o
                0x0000000008004e84                pvTaskIncrementMutexHeldCount
 .text.prvAddCurrentTaskToDelayedList
                0x0000000008004eac       0xcc FreeRTOS/tasks.o
 .text.xTimerCreateTimerTask
                0x0000000008004f78       0x64 FreeRTOS/timers.o
                0x0000000008004f78                xTimerCreateTimerTask
 .text.xTimerGenericCommand
                0x0000000008004fdc       0x98 FreeRTOS/timers.o
                0x0000000008004fdc                xTimerGenericCommand
 .text.prvProcessExpiredTimer
                0x0000000008005074       0x98 FreeRTOS/timers.o
 .text.prvTimerTask
                0x000000000800510c       0x24 FreeRTOS/timers.o
 .text.prvProcessTimerOrBlockTask
                0x0000000008005130       0x9c FreeRTOS/timers.o
 .text.prvGetNextExpireTime
                0x00000000080051cc       0x48 FreeRTOS/timers.o
 .text.prvSampleTimeNow
                0x0000000008005214       0x40 FreeRTOS/timers.o
 .text.prvInsertTimerInActiveList
                0x0000000008005254       0x84 FreeRTOS/timers.o
 .text.prvProcessReceivedCommands
                0x00000000080052d8      0x188 FreeRTOS/timers.o
 .text.prvSwitchTimerLists
                0x0000000008005460       0xc8 FreeRTOS/timers.o
 .text.prvCheckForValidListAndQueue
                0x0000000008005528       0x6c FreeRTOS/timers.o
 .text.__libc_init_array
                0x0000000008005594       0x48 /opt/st/stm32cubeide_1.5.1/plugins/com.st.stm32cube.ide.mcu.externaltools.gnu-tools-for-stm32.7-2018-q2-update.linux64_1.5.0.202011040924/tools/bin/../lib/gcc/arm-none-eabi/7.3.1/../../../../arm-none-eabi/lib/thumb/v7e-m/fpv4-sp/hard/libc_nano.a(lib_a-init.o)
                0x0000000008005594                __libc_init_array
 .text.memcpy   0x00000000080055dc       0x16 /opt/st/stm32cubeide_1.5.1/plugins/com.st.stm32cube.ide.mcu.externaltools.gnu-tools-for-stm32.7-2018-q2-update.linux64_1.5.0.202011040924/tools/bin/../lib/gcc/arm-none-eabi/7.3.1/../../../../arm-none-eabi/lib/thumb/v7e-m/fpv4-sp/hard/libc_nano.a(lib_a-memcpy-stub.o)
                0x00000000080055dc                memcpy
 .text.memset   0x00000000080055f2       0x10 /opt/st/stm32cubeide_1.5.1/plugins/com.st.stm32cube.ide.mcu.externaltools.gnu-tools-for-stm32.7-2018-q2-update.linux64_1.5.0.202011040924/tools/bin/../lib/gcc/arm-none-eabi/7.3.1/../../../../arm-none-eabi/lib/thumb/v7e-m/fpv4-sp/hard/libc_nano.a(lib_a-memset.o)
                0x00000000080055f2                memset
 *(.glue_7)
 .glue_7        0x0000000008005602        0x0 linker stubs
 *(.glue_7t)
 .glue_7t       0x0000000008005602        0x0 linker stubs
 *(.eh_frame)
 *fill*         0x0000000008005602        0x2 
 .eh_frame      0x0000000008005604        0x0 /opt/st/stm32cubeide_1.5.1/plugins/com.st.stm32cube.ide.mcu.externaltools.gnu-tools-for-stm32.7-2018-q2-update.linux64_1.5.0.202011040924/tools/bin/../lib/gcc/arm-none-eabi/7.3.1/thumb/v7e-m/fpv4-sp/hard/crtbegin.o
 *(.init)
 .init          0x0000000008005604        0x4 /opt/st/stm32cubeide_1.5.1/plugins/com.st.stm32cube.ide.mcu.externaltools.gnu-tools-for-stm32.7-2018-q2-update.linux64_1.5.0.202011040924/tools/bin/../lib/gcc/arm-none-eabi/7.3.1/thumb/v7e-m/fpv4-sp/hard/crti.o
                0x0000000008005604                _init
 .init          0x0000000008005608        0x8 /opt/st/stm32cubeide_1.5.1/plugins/com.st.stm32cube.ide.mcu.externaltools.gnu-tools-for-stm32.7-2018-q2-update.linux64_1.5.0.202011040924/tools/bin/../lib/gcc/arm-none-eabi/7.3.1/thumb/v7e-m/fpv4-sp/hard/crtn.o
 *(.fini)
 .fini          0x0000000008005610        0x4 /opt/st/stm32cubeide_1.5.1/plugins/com.st.stm32cube.ide.mcu.externaltools.gnu-tools-for-stm32.7-2018-q2-update.linux64_1.5.0.202011040924/tools/bin/../lib/gcc/arm-none-eabi/7.3.1/thumb/v7e-m/fpv4-sp/hard/crti.o
                0x0000000008005610                _fini
 .fini          0x0000000008005614        0x8 /opt/st/stm32cubeide_1.5.1/plugins/com.st.stm32cube.ide.mcu.externaltools.gnu-tools-for-stm32.7-2018-q2-update.linux64_1.5.0.202011040924/tools/bin/../lib/gcc/arm-none-eabi/7.3.1/thumb/v7e-m/fpv4-sp/hard/crtn.o
                0x000000000800561c                . = ALIGN (0x4)
                0x000000000800561c                _etext = .

.vfp11_veneer   0x000000000800561c        0x0
 .vfp11_veneer  0x000000000800561c        0x0 linker stubs

.v4_bx          0x000000000800561c        0x0
 .v4_bx         0x000000000800561c        0x0 linker stubs

.iplt           0x000000000800561c        0x0
 .iplt          0x000000000800561c        0x0 /opt/st/stm32cubeide_1.5.1/plugins/com.st.stm32cube.ide.mcu.externaltools.gnu-tools-for-stm32.7-2018-q2-update.linux64_1.5.0.202011040924/tools/bin/../lib/gcc/arm-none-eabi/7.3.1/thumb/v7e-m/fpv4-sp/hard/crtbegin.o

.rodata         0x000000000800561c       0x48
                0x000000000800561c                . = ALIGN (0x4)
 *(.rodata)
 .rodata        0x000000000800561c       0x17 Core/Src/main.o
 *fill*         0x0000000008005633        0x1 
 .rodata        0x0000000008005634        0x5 FreeRTOS/tasks.o
 *fill*         0x0000000008005639        0x3 
 .rodata        0x000000000800563c        0xd FreeRTOS/timers.o
 *(.rodata*)
 *fill*         0x0000000008005649        0x3 
 .rodata.AHBPrescTable
                0x000000000800564c       0x10 Core/Src/system_stm32f4xx.o
                0x000000000800564c                AHBPrescTable
 .rodata.APBPrescTable
                0x000000000800565c        0x8 Core/Src/system_stm32f4xx.o
                0x000000000800565c                APBPrescTable
                0x0000000008005664                . = ALIGN (0x4)

.ARM.extab      0x0000000008005664        0x0
                0x0000000008005664                . = ALIGN (0x4)
 *(.ARM.extab* .gnu.linkonce.armextab.*)
                0x0000000008005664                . = ALIGN (0x4)

.ARM            0x0000000008005664        0x8
                0x0000000008005664                . = ALIGN (0x4)
                0x0000000008005664                __exidx_start = .
 *(.ARM.exidx*)
 .ARM.exidx     0x0000000008005664        0x8 /opt/st/stm32cubeide_1.5.1/plugins/com.st.stm32cube.ide.mcu.externaltools.gnu-tools-for-stm32.7-2018-q2-update.linux64_1.5.0.202011040924/tools/bin/../lib/gcc/arm-none-eabi/7.3.1/thumb/v7e-m/fpv4-sp/hard/libgcc.a(_udivmoddi4.o)
                0x000000000800566c                __exidx_end = .
                0x000000000800566c                . = ALIGN (0x4)

.rel.dyn        0x000000000800566c        0x0
 .rel.iplt      0x000000000800566c        0x0 /opt/st/stm32cubeide_1.5.1/plugins/com.st.stm32cube.ide.mcu.externaltools.gnu-tools-for-stm32.7-2018-q2-update.linux64_1.5.0.202011040924/tools/bin/../lib/gcc/arm-none-eabi/7.3.1/thumb/v7e-m/fpv4-sp/hard/crtbegin.o

.preinit_array  0x000000000800566c        0x0
                0x000000000800566c                . = ALIGN (0x4)
                0x000000000800566c                PROVIDE (__preinit_array_start = .)
 *(.preinit_array*)
                0x000000000800566c                PROVIDE (__preinit_array_end = .)
                0x000000000800566c                . = ALIGN (0x4)

.init_array     0x000000000800566c        0x4
                0x000000000800566c                . = ALIGN (0x4)
                0x000000000800566c                PROVIDE (__init_array_start = .)
 *(SORT_BY_NAME(.init_array.*))
 *(.init_array*)
 .init_array    0x000000000800566c        0x4 /opt/st/stm32cubeide_1.5.1/plugins/com.st.stm32cube.ide.mcu.externaltools.gnu-tools-for-stm32.7-2018-q2-update.linux64_1.5.0.202011040924/tools/bin/../lib/gcc/arm-none-eabi/7.3.1/thumb/v7e-m/fpv4-sp/hard/crtbegin.o
                0x0000000008005670                PROVIDE (__init_array_end = .)
                0x0000000008005670                . = ALIGN (0x4)

.fini_array     0x0000000008005670        0x4
                0x0000000008005670                . = ALIGN (0x4)
                [!provide]                        PROVIDE (__fini_array_start = .)
 *(SORT_BY_NAME(.fini_array.*))
 *(.fini_array*)
 .fini_array    0x0000000008005670        0x4 /opt/st/stm32cubeide_1.5.1/plugins/com.st.stm32cube.ide.mcu.externaltools.gnu-tools-for-stm32.7-2018-q2-update.linux64_1.5.0.202011040924/tools/bin/../lib/gcc/arm-none-eabi/7.3.1/thumb/v7e-m/fpv4-sp/hard/crtbegin.o
                [!provide]                        PROVIDE (__fini_array_end = .)
                0x0000000008005674                . = ALIGN (0x4)
                0x0000000008005674                _sidata = LOADADDR (.data)

.data           0x0000000020000000       0x10 load address 0x0000000008005674
                0x0000000020000000                . = ALIGN (0x4)
                0x0000000020000000                _sdata = .
 *(.data)
 *(.data*)
 .data.SystemCoreClock
                0x0000000020000000        0x4 Core/Src/system_stm32f4xx.o
                0x0000000020000000                SystemCoreClock
 .data.uwTickPrio
                0x0000000020000004        0x4 Drivers/STM32F4xx_HAL_Driver/Src/stm32f4xx_hal.o
                0x0000000020000004                uwTickPrio
 .data.uwTickFreq
                0x0000000020000008        0x1 Drivers/STM32F4xx_HAL_Driver/Src/stm32f4xx_hal.o
                0x0000000020000008                uwTickFreq
 *fill*         0x0000000020000009        0x3 
 .data.uxCriticalNesting
                0x000000002000000c        0x4 FreeRTOS/ARM_CM4F/port.o
 *(.RamFunc)
 *(.RamFunc*)
                0x0000000020000010                . = ALIGN (0x4)
                0x0000000020000010                _edata = .

.igot.plt       0x0000000020000010        0x0 load address 0x0000000008005684
 .igot.plt      0x0000000020000010        0x0 /opt/st/stm32cubeide_1.5.1/plugins/com.st.stm32cube.ide.mcu.externaltools.gnu-tools-for-stm32.7-2018-q2-update.linux64_1.5.0.202011040924/tools/bin/../lib/gcc/arm-none-eabi/7.3.1/thumb/v7e-m/fpv4-sp/hard/crtbegin.o
                0x0000000020000010                . = ALIGN (0x4)

.bss            0x0000000020000010    0x12e5c load address 0x0000000008005684
                0x0000000020000010                _sbss = .
                0x0000000020000010                __bss_start__ = _sbss
 *(.bss)
 .bss           0x0000000020000010       0x1c /opt/st/stm32cubeide_1.5.1/plugins/com.st.stm32cube.ide.mcu.externaltools.gnu-tools-for-stm32.7-2018-q2-update.linux64_1.5.0.202011040924/tools/bin/../lib/gcc/arm-none-eabi/7.3.1/thumb/v7e-m/fpv4-sp/hard/crtbegin.o
 *(.bss*)
 .bss.ucMaxSysCallPriority
                0x000000002000002c        0x1 FreeRTOS/ARM_CM4F/port.o
 *fill*         0x000000002000002d        0x3 
 .bss.ulMaxPRIGROUPValue
                0x0000000020000030        0x4 FreeRTOS/ARM_CM4F/port.o
 .bss.ucHeap    0x0000000020000034    0x12c00 FreeRTOS/heap_4.o
 .bss.xStart    0x0000000020012c34        0x8 FreeRTOS/heap_4.o
 .bss.pxEnd     0x0000000020012c3c        0x4 FreeRTOS/heap_4.o
 .bss.xFreeBytesRemaining
                0x0000000020012c40        0x4 FreeRTOS/heap_4.o
 .bss.xMinimumEverFreeBytesRemaining
                0x0000000020012c44        0x4 FreeRTOS/heap_4.o
 .bss.xBlockAllocatedBit
                0x0000000020012c48        0x4 FreeRTOS/heap_4.o
 .bss.pxCurrentTCB
                0x0000000020012c4c        0x4 FreeRTOS/tasks.o
                0x0000000020012c4c                pxCurrentTCB
 .bss.pxReadyTasksLists
                0x0000000020012c50       0x64 FreeRTOS/tasks.o
 .bss.xDelayedTaskList1
                0x0000000020012cb4       0x14 FreeRTOS/tasks.o
 .bss.xDelayedTaskList2
                0x0000000020012cc8       0x14 FreeRTOS/tasks.o
 .bss.pxDelayedTaskList
                0x0000000020012cdc        0x4 FreeRTOS/tasks.o
 .bss.pxOverflowDelayedTaskList
                0x0000000020012ce0        0x4 FreeRTOS/tasks.o
 .bss.xPendingReadyList
                0x0000000020012ce4       0x14 FreeRTOS/tasks.o
 .bss.xTasksWaitingTermination
                0x0000000020012cf8       0x14 FreeRTOS/tasks.o
 .bss.uxDeletedTasksWaitingCleanUp
                0x0000000020012d0c        0x4 FreeRTOS/tasks.o
 .bss.xSuspendedTaskList
                0x0000000020012d10       0x14 FreeRTOS/tasks.o
 .bss.uxCurrentNumberOfTasks
                0x0000000020012d24        0x4 FreeRTOS/tasks.o
 .bss.xTickCount
                0x0000000020012d28        0x4 FreeRTOS/tasks.o
 .bss.uxTopReadyPriority
                0x0000000020012d2c        0x4 FreeRTOS/tasks.o
 .bss.xSchedulerRunning
                0x0000000020012d30        0x4 FreeRTOS/tasks.o
 .bss.uxPendedTicks
                0x0000000020012d34        0x4 FreeRTOS/tasks.o
 .bss.xYieldPending
                0x0000000020012d38        0x4 FreeRTOS/tasks.o
 .bss.xNumOfOverflows
                0x0000000020012d3c        0x4 FreeRTOS/tasks.o
 .bss.uxTaskNumber
                0x0000000020012d40        0x4 FreeRTOS/tasks.o
 .bss.xNextTaskUnblockTime
                0x0000000020012d44        0x4 FreeRTOS/tasks.o
 .bss.xIdleTaskHandle
                0x0000000020012d48        0x4 FreeRTOS/tasks.o
 .bss.uxSchedulerSuspended
                0x0000000020012d4c        0x4 FreeRTOS/tasks.o
 .bss.xActiveTimerList1
                0x0000000020012d50       0x14 FreeRTOS/timers.o
 .bss.xActiveTimerList2
                0x0000000020012d64       0x14 FreeRTOS/timers.o
 .bss.pxCurrentTimerList
                0x0000000020012d78        0x4 FreeRTOS/timers.o
 .bss.pxOverflowTimerList
                0x0000000020012d7c        0x4 FreeRTOS/timers.o
 .bss.xTimerQueue
                0x0000000020012d80        0x4 FreeRTOS/timers.o
 .bss.xTimerTaskHandle
                0x0000000020012d84        0x4 FreeRTOS/timers.o
 .bss.xLastTime.6701
                0x0000000020012d88        0x4 FreeRTOS/timers.o
 *(COMMON)
 COMMON         0x0000000020012d8c       0x5c Core/Src/main.o
                0x0000000020012d8c                xSemaphore
                0x0000000020012d90                hspi1
 COMMON         0x0000000020012de8       0x40 Core/Src/stm32f4xx_hal_timebase_tim.o
                0x0000000020012de8                htim6
 COMMON         0x0000000020012e28        0x4 Drivers/STM32F4xx_HAL_Driver/Src/stm32f4xx_hal.o
                0x0000000020012e28                uwTick
 COMMON         0x0000000020012e2c       0x40 FreeRTOS/queue.o
                0x0000000020012e2c                xQueueRegistry
                0x0000000020012e6c                . = ALIGN (0x4)
                0x0000000020012e6c                _ebss = .
                0x0000000020012e6c                __bss_end__ = _ebss

._user_heap_stack
                0x0000000020012e6c      0x604 load address 0x0000000008005684
                0x0000000020012e70                . = ALIGN (0x8)
 *fill*         0x0000000020012e6c        0x4 
                [!provide]                        PROVIDE (end = .)
                0x0000000020012e70                PROVIDE (_end = .)
                0x0000000020013070                . = (. + _Min_Heap_Size)
 *fill*         0x0000000020012e70      0x200 
                0x0000000020013470                . = (. + _Min_Stack_Size)
 *fill*         0x0000000020013070      0x400 
                0x0000000020013470                . = ALIGN (0x8)

/DISCARD/
 libc.a(*)
 libm.a(*)
 libgcc.a(*)

.ARM.attributes
                0x0000000000000000       0x30
 *(.ARM.attributes)
 .ARM.attributes
                0x0000000000000000       0x22 /opt/st/stm32cubeide_1.5.1/plugins/com.st.stm32cube.ide.mcu.externaltools.gnu-tools-for-stm32.7-2018-q2-update.linux64_1.5.0.202011040924/tools/bin/../lib/gcc/arm-none-eabi/7.3.1/thumb/v7e-m/fpv4-sp/hard/crti.o
 .ARM.attributes
                0x0000000000000022       0x34 /opt/st/stm32cubeide_1.5.1/plugins/com.st.stm32cube.ide.mcu.externaltools.gnu-tools-for-stm32.7-2018-q2-update.linux64_1.5.0.202011040924/tools/bin/../lib/gcc/arm-none-eabi/7.3.1/thumb/v7e-m/fpv4-sp/hard/crtbegin.o
 .ARM.attributes
                0x0000000000000056       0x39 Core/Src/main.o
 .ARM.attributes
                0x000000000000008f       0x39 Core/Src/stm32f4xx_hal_msp.o
 .ARM.attributes
                0x00000000000000c8       0x39 Core/Src/stm32f4xx_hal_timebase_tim.o
 .ARM.attributes
                0x0000000000000101       0x39 Core/Src/stm32f4xx_it.o
 .ARM.attributes
                0x000000000000013a       0x39 Core/Src/system_stm32f4xx.o
 .ARM.attributes
                0x0000000000000173       0x21 Core/Startup/startup_stm32f407vgtx.o
 .ARM.attributes
                0x0000000000000194       0x39 Drivers/STM32F4xx_HAL_Driver/Src/stm32f4xx_hal.o
 .ARM.attributes
                0x00000000000001cd       0x39 Drivers/STM32F4xx_HAL_Driver/Src/stm32f4xx_hal_cortex.o
 .ARM.attributes
                0x0000000000000206       0x39 Drivers/STM32F4xx_HAL_Driver/Src/stm32f4xx_hal_gpio.o
 .ARM.attributes
                0x000000000000023f       0x39 Drivers/STM32F4xx_HAL_Driver/Src/stm32f4xx_hal_rcc.o
 .ARM.attributes
                0x0000000000000278       0x39 Drivers/STM32F4xx_HAL_Driver/Src/stm32f4xx_hal_spi.o
 .ARM.attributes
                0x00000000000002b1       0x39 Drivers/STM32F4xx_HAL_Driver/Src/stm32f4xx_hal_tim.o
 .ARM.attributes
                0x00000000000002ea       0x39 Drivers/STM32F4xx_HAL_Driver/Src/stm32f4xx_hal_tim_ex.o
 .ARM.attributes
                0x0000000000000323       0x39 FreeRTOS/ARM_CM4F/port.o
 .ARM.attributes
                0x000000000000035c       0x39 FreeRTOS/heap_4.o
 .ARM.attributes
                0x0000000000000395       0x39 FreeRTOS/list.o
 .ARM.attributes
                0x00000000000003ce       0x39 FreeRTOS/queue.o
 .ARM.attributes
                0x0000000000000407       0x39 FreeRTOS/tasks.o
 .ARM.attributes
                0x0000000000000440       0x39 FreeRTOS/timers.o
 .ARM.attributes
                0x0000000000000479       0x34 /opt/st/stm32cubeide_1.5.1/plugins/com.st.stm32cube.ide.mcu.externaltools.gnu-tools-for-stm32.7-2018-q2-update.linux64_1.5.0.202011040924/tools/bin/../lib/gcc/arm-none-eabi/7.3.1/../../../../arm-none-eabi/lib/thumb/v7e-m/fpv4-sp/hard/libc_nano.a(lib_a-init.o)
 .ARM.attributes
                0x00000000000004ad       0x34 /opt/st/stm32cubeide_1.5.1/plugins/com.st.stm32cube.ide.mcu.externaltools.gnu-tools-for-stm32.7-2018-q2-update.linux64_1.5.0.202011040924/tools/bin/../lib/gcc/arm-none-eabi/7.3.1/../../../../arm-none-eabi/lib/thumb/v7e-m/fpv4-sp/hard/libc_nano.a(lib_a-memcpy-stub.o)
 .ARM.attributes
                0x00000000000004e1       0x34 /opt/st/stm32cubeide_1.5.1/plugins/com.st.stm32cube.ide.mcu.externaltools.gnu-tools-for-stm32.7-2018-q2-update.linux64_1.5.0.202011040924/tools/bin/../lib/gcc/arm-none-eabi/7.3.1/../../../../arm-none-eabi/lib/thumb/v7e-m/fpv4-sp/hard/libc_nano.a(lib_a-memset.o)
 .ARM.attributes
                0x0000000000000515       0x22 /opt/st/stm32cubeide_1.5.1/plugins/com.st.stm32cube.ide.mcu.externaltools.gnu-tools-for-stm32.7-2018-q2-update.linux64_1.5.0.202011040924/tools/bin/../lib/gcc/arm-none-eabi/7.3.1/thumb/v7e-m/fpv4-sp/hard/libgcc.a(_aeabi_uldivmod.o)
 .ARM.attributes
                0x0000000000000537       0x34 /opt/st/stm32cubeide_1.5.1/plugins/com.st.stm32cube.ide.mcu.externaltools.gnu-tools-for-stm32.7-2018-q2-update.linux64_1.5.0.202011040924/tools/bin/../lib/gcc/arm-none-eabi/7.3.1/thumb/v7e-m/fpv4-sp/hard/libgcc.a(_udivmoddi4.o)
 .ARM.attributes
                0x000000000000056b       0x22 /opt/st/stm32cubeide_1.5.1/plugins/com.st.stm32cube.ide.mcu.externaltools.gnu-tools-for-stm32.7-2018-q2-update.linux64_1.5.0.202011040924/tools/bin/../lib/gcc/arm-none-eabi/7.3.1/thumb/v7e-m/fpv4-sp/hard/libgcc.a(_dvmd_tls.o)
 .ARM.attributes
                0x000000000000058d       0x22 /opt/st/stm32cubeide_1.5.1/plugins/com.st.stm32cube.ide.mcu.externaltools.gnu-tools-for-stm32.7-2018-q2-update.linux64_1.5.0.202011040924/tools/bin/../lib/gcc/arm-none-eabi/7.3.1/thumb/v7e-m/fpv4-sp/hard/crtn.o
OUTPUT(Embedded_OS_Lab2_P76091713.elf elf32-littlearm)

.debug_info     0x0000000000000000    0x11da9
 .debug_info    0x0000000000000000     0x11a9 Core/Src/main.o
 .debug_info    0x00000000000011a9      0x9ae Core/Src/stm32f4xx_hal_msp.o
 .debug_info    0x0000000000001b57      0xb2d Core/Src/stm32f4xx_hal_timebase_tim.o
 .debug_info    0x0000000000002684      0x6df Core/Src/stm32f4xx_it.o
 .debug_info    0x0000000000002d63      0x554 Core/Src/system_stm32f4xx.o
 .debug_info    0x00000000000032b7       0x22 Core/Startup/startup_stm32f407vgtx.o
 .debug_info    0x00000000000032d9      0x945 Drivers/STM32F4xx_HAL_Driver/Src/stm32f4xx_hal.o
 .debug_info    0x0000000000003c1e      0xe28 Drivers/STM32F4xx_HAL_Driver/Src/stm32f4xx_hal_cortex.o
 .debug_info    0x0000000000004a46      0x7b5 Drivers/STM32F4xx_HAL_Driver/Src/stm32f4xx_hal_gpio.o
 .debug_info    0x00000000000051fb      0x904 Drivers/STM32F4xx_HAL_Driver/Src/stm32f4xx_hal_rcc.o
 .debug_info    0x0000000000005aff     0x163a Drivers/STM32F4xx_HAL_Driver/Src/stm32f4xx_hal_spi.o
 .debug_info    0x0000000000007139     0x24a9 Drivers/STM32F4xx_HAL_Driver/Src/stm32f4xx_hal_tim.o
 .debug_info    0x00000000000095e2     0x1157 Drivers/STM32F4xx_HAL_Driver/Src/stm32f4xx_hal_tim_ex.o
 .debug_info    0x000000000000a739      0x533 FreeRTOS/ARM_CM4F/port.o
 .debug_info    0x000000000000ac6c      0xbec FreeRTOS/heap_4.o
 .debug_info    0x000000000000b858      0xacb FreeRTOS/list.o
 .debug_info    0x000000000000c323     0x1f26 FreeRTOS/queue.o
 .debug_info    0x000000000000e249     0x2702 FreeRTOS/tasks.o
 .debug_info    0x000000000001094b     0x145e FreeRTOS/timers.o

.debug_abbrev   0x0000000000000000     0x2783
 .debug_abbrev  0x0000000000000000      0x2b3 Core/Src/main.o
 .debug_abbrev  0x00000000000002b3      0x18c Core/Src/stm32f4xx_hal_msp.o
 .debug_abbrev  0x000000000000043f      0x19d Core/Src/stm32f4xx_hal_timebase_tim.o
 .debug_abbrev  0x00000000000005dc      0x15a Core/Src/stm32f4xx_it.o
 .debug_abbrev  0x0000000000000736      0x12b Core/Src/system_stm32f4xx.o
 .debug_abbrev  0x0000000000000861       0x12 Core/Startup/startup_stm32f407vgtx.o
 .debug_abbrev  0x0000000000000873      0x1c7 Drivers/STM32F4xx_HAL_Driver/Src/stm32f4xx_hal.o
 .debug_abbrev  0x0000000000000a3a      0x2fa Drivers/STM32F4xx_HAL_Driver/Src/stm32f4xx_hal_cortex.o
 .debug_abbrev  0x0000000000000d34      0x1c9 Drivers/STM32F4xx_HAL_Driver/Src/stm32f4xx_hal_gpio.o
 .debug_abbrev  0x0000000000000efd      0x245 Drivers/STM32F4xx_HAL_Driver/Src/stm32f4xx_hal_rcc.o
 .debug_abbrev  0x0000000000001142      0x240 Drivers/STM32F4xx_HAL_Driver/Src/stm32f4xx_hal_spi.o
 .debug_abbrev  0x0000000000001382      0x230 Drivers/STM32F4xx_HAL_Driver/Src/stm32f4xx_hal_tim.o
 .debug_abbrev  0x00000000000015b2      0x21e Drivers/STM32F4xx_HAL_Driver/Src/stm32f4xx_hal_tim_ex.o
 .debug_abbrev  0x00000000000017d0      0x210 FreeRTOS/ARM_CM4F/port.o
 .debug_abbrev  0x00000000000019e0      0x29e FreeRTOS/heap_4.o
 .debug_abbrev  0x0000000000001c7e      0x1cf FreeRTOS/list.o
 .debug_abbrev  0x0000000000001e4d      0x31c FreeRTOS/queue.o
 .debug_abbrev  0x0000000000002169      0x352 FreeRTOS/tasks.o
 .debug_abbrev  0x00000000000024bb      0x2c8 FreeRTOS/timers.o

.debug_aranges  0x0000000000000000     0x1028
 .debug_aranges
                0x0000000000000000       0x78 Core/Src/main.o
 .debug_aranges
                0x0000000000000078       0x30 Core/Src/stm32f4xx_hal_msp.o
 .debug_aranges
                0x00000000000000a8       0x30 Core/Src/stm32f4xx_hal_timebase_tim.o
 .debug_aranges
                0x00000000000000d8       0x58 Core/Src/stm32f4xx_it.o
 .debug_aranges
                0x0000000000000130       0x28 Core/Src/system_stm32f4xx.o
 .debug_aranges
                0x0000000000000158       0x28 Core/Startup/startup_stm32f407vgtx.o
 .debug_aranges
                0x0000000000000180       0xf0 Drivers/STM32F4xx_HAL_Driver/Src/stm32f4xx_hal.o
 .debug_aranges
                0x0000000000000270      0x118 Drivers/STM32F4xx_HAL_Driver/Src/stm32f4xx_hal_cortex.o
 .debug_aranges
                0x0000000000000388       0x58 Drivers/STM32F4xx_HAL_Driver/Src/stm32f4xx_hal_gpio.o
 .debug_aranges
                0x00000000000003e0       0x88 Drivers/STM32F4xx_HAL_Driver/Src/stm32f4xx_hal_rcc.o
 .debug_aranges
                0x0000000000000468      0x1d0 Drivers/STM32F4xx_HAL_Driver/Src/stm32f4xx_hal_spi.o
 .debug_aranges
                0x0000000000000638      0x3a8 Drivers/STM32F4xx_HAL_Driver/Src/stm32f4xx_hal_tim.o
 .debug_aranges
                0x00000000000009e0      0x150 Drivers/STM32F4xx_HAL_Driver/Src/stm32f4xx_hal_tim_ex.o
 .debug_aranges
                0x0000000000000b30       0x80 FreeRTOS/ARM_CM4F/port.o
 .debug_aranges
                0x0000000000000bb0       0x50 FreeRTOS/heap_4.o
 .debug_aranges
                0x0000000000000c00       0x40 FreeRTOS/list.o
 .debug_aranges
                0x0000000000000c40      0x130 FreeRTOS/queue.o
 .debug_aranges
                0x0000000000000d70      0x1e8 FreeRTOS/tasks.o
 .debug_aranges
                0x0000000000000f58       0xd0 FreeRTOS/timers.o

.debug_ranges   0x0000000000000000      0xf00
 .debug_ranges  0x0000000000000000       0x68 Core/Src/main.o
 .debug_ranges  0x0000000000000068       0x20 Core/Src/stm32f4xx_hal_msp.o
 .debug_ranges  0x0000000000000088       0x20 Core/Src/stm32f4xx_hal_timebase_tim.o
 .debug_ranges  0x00000000000000a8       0x48 Core/Src/stm32f4xx_it.o
 .debug_ranges  0x00000000000000f0       0x18 Core/Src/system_stm32f4xx.o
 .debug_ranges  0x0000000000000108       0x20 Core/Startup/startup_stm32f407vgtx.o
 .debug_ranges  0x0000000000000128       0xe0 Drivers/STM32F4xx_HAL_Driver/Src/stm32f4xx_hal.o
 .debug_ranges  0x0000000000000208      0x108 Drivers/STM32F4xx_HAL_Driver/Src/stm32f4xx_hal_cortex.o
 .debug_ranges  0x0000000000000310       0x48 Drivers/STM32F4xx_HAL_Driver/Src/stm32f4xx_hal_gpio.o
 .debug_ranges  0x0000000000000358       0x78 Drivers/STM32F4xx_HAL_Driver/Src/stm32f4xx_hal_rcc.o
 .debug_ranges  0x00000000000003d0      0x1c0 Drivers/STM32F4xx_HAL_Driver/Src/stm32f4xx_hal_spi.o
 .debug_ranges  0x0000000000000590      0x398 Drivers/STM32F4xx_HAL_Driver/Src/stm32f4xx_hal_tim.o
 .debug_ranges  0x0000000000000928      0x140 Drivers/STM32F4xx_HAL_Driver/Src/stm32f4xx_hal_tim_ex.o
 .debug_ranges  0x0000000000000a68       0x70 FreeRTOS/ARM_CM4F/port.o
 .debug_ranges  0x0000000000000ad8       0x40 FreeRTOS/heap_4.o
 .debug_ranges  0x0000000000000b18       0x30 FreeRTOS/list.o
 .debug_ranges  0x0000000000000b48      0x120 FreeRTOS/queue.o
 .debug_ranges  0x0000000000000c68      0x1d8 FreeRTOS/tasks.o
 .debug_ranges  0x0000000000000e40       0xc0 FreeRTOS/timers.o

.debug_macro    0x0000000000000000    0x2184b
 .debug_macro   0x0000000000000000      0x2e9 Core/Src/main.o
 .debug_macro   0x00000000000002e9      0xa5a Core/Src/main.o
 .debug_macro   0x0000000000000d43      0x294 Core/Src/main.o
 .debug_macro   0x0000000000000fd7       0x2e Core/Src/main.o
 .debug_macro   0x0000000000001005       0x2f Core/Src/main.o
 .debug_macro   0x0000000000001034       0x22 Core/Src/main.o
 .debug_macro   0x0000000000001056       0x8e Core/Src/main.o
 .debug_macro   0x00000000000010e4       0x51 Core/Src/main.o
 .debug_macro   0x0000000000001135       0xef Core/Src/main.o
 .debug_macro   0x0000000000001224       0x6a Core/Src/main.o
 .debug_macro   0x000000000000128e      0x1df Core/Src/main.o
 .debug_macro   0x000000000000146d       0x1c Core/Src/main.o
 .debug_macro   0x0000000000001489       0x22 Core/Src/main.o
 .debug_macro   0x00000000000014ab       0xdf Core/Src/main.o
 .debug_macro   0x000000000000158a     0x102d Core/Src/main.o
 .debug_macro   0x00000000000025b7      0x11f Core/Src/main.o
 .debug_macro   0x00000000000026d6    0x15e3c Core/Src/main.o
 .debug_macro   0x0000000000018512       0x43 Core/Src/main.o
 .debug_macro   0x0000000000018555     0x3659 Core/Src/main.o
 .debug_macro   0x000000000001bbae      0x174 Core/Src/main.o
 .debug_macro   0x000000000001bd22       0x5a Core/Src/main.o
 .debug_macro   0x000000000001bd7c      0x96b Core/Src/main.o
 .debug_macro   0x000000000001c6e7      0x9fe Core/Src/main.o
 .debug_macro   0x000000000001d0e5      0x117 Core/Src/main.o
 .debug_macro   0x000000000001d1fc      0x13e Core/Src/main.o
 .debug_macro   0x000000000001d33a       0x27 Core/Src/main.o
 .debug_macro   0x000000000001d361      0x174 Core/Src/main.o
 .debug_macro   0x000000000001d4d5      0x287 Core/Src/main.o
 .debug_macro   0x000000000001d75c       0x5f Core/Src/main.o
 .debug_macro   0x000000000001d7bb      0x236 Core/Src/main.o
 .debug_macro   0x000000000001d9f1      0x12c Core/Src/main.o
 .debug_macro   0x000000000001db1d      0x21e Core/Src/main.o
 .debug_macro   0x000000000001dd3b       0x2e Core/Src/main.o
 .debug_macro   0x000000000001dd69      0x11a Core/Src/main.o
 .debug_macro   0x000000000001de83       0x7e Core/Src/main.o
 .debug_macro   0x000000000001df01       0x89 Core/Src/main.o
 .debug_macro   0x000000000001df8a      0x225 Core/Src/main.o
 .debug_macro   0x000000000001e1af      0x8a0 Core/Src/main.o
 .debug_macro   0x000000000001ea4f       0x47 Core/Src/main.o
 .debug_macro   0x000000000001ea96      0x12d Core/Src/main.o
 .debug_macro   0x000000000001ebc3       0x28 Core/Src/main.o
 .debug_macro   0x000000000001ebeb      0x106 Core/Src/main.o
 .debug_macro   0x000000000001ecf1      0x15a Core/Src/main.o
 .debug_macro   0x000000000001ee4b       0xe4 Core/Src/main.o
 .debug_macro   0x000000000001ef2f       0x1c Core/Src/main.o
 .debug_macro   0x000000000001ef4b       0x26 Core/Src/main.o
 .debug_macro   0x000000000001ef71      0x4d3 Core/Src/main.o
 .debug_macro   0x000000000001f444       0xb5 Core/Src/main.o
 .debug_macro   0x000000000001f4f9       0xaa Core/Src/main.o
 .debug_macro   0x000000000001f5a3       0x80 Core/Src/main.o
 .debug_macro   0x000000000001f623       0x7e Core/Src/main.o
 .debug_macro   0x000000000001f6a1      0x1dd Core/Src/stm32f4xx_hal_msp.o
 .debug_macro   0x000000000001f87e      0x1ce Core/Src/stm32f4xx_hal_timebase_tim.o
 .debug_macro   0x000000000001fa4c      0x1e7 Core/Src/stm32f4xx_it.o
 .debug_macro   0x000000000001fc33      0x1d4 Core/Src/system_stm32f4xx.o
 .debug_macro   0x000000000001fe07      0x22e Drivers/STM32F4xx_HAL_Driver/Src/stm32f4xx_hal.o
 .debug_macro   0x0000000000020035      0x1ce Drivers/STM32F4xx_HAL_Driver/Src/stm32f4xx_hal_cortex.o
 .debug_macro   0x0000000000020203      0x204 Drivers/STM32F4xx_HAL_Driver/Src/stm32f4xx_hal_gpio.o
 .debug_macro   0x0000000000020407      0x1f2 Drivers/STM32F4xx_HAL_Driver/Src/stm32f4xx_hal_rcc.o
 .debug_macro   0x00000000000205f9      0x1dd Drivers/STM32F4xx_HAL_Driver/Src/stm32f4xx_hal_spi.o
 .debug_macro   0x00000000000207d6      0x1cf Drivers/STM32F4xx_HAL_Driver/Src/stm32f4xx_hal_tim.o
 .debug_macro   0x00000000000209a5      0x1ce Drivers/STM32F4xx_HAL_Driver/Src/stm32f4xx_hal_tim_ex.o
 .debug_macro   0x0000000000020b73      0x196 FreeRTOS/ARM_CM4F/port.o
 .debug_macro   0x0000000000020d09      0x106 FreeRTOS/ARM_CM4F/port.o
 .debug_macro   0x0000000000020e0f      0x1a1 FreeRTOS/heap_4.o
 .debug_macro   0x0000000000020fb0      0x17a FreeRTOS/list.o
 .debug_macro   0x000000000002112a      0x209 FreeRTOS/queue.o
 .debug_macro   0x0000000000021333       0x16 FreeRTOS/queue.o
 .debug_macro   0x0000000000021349       0x20 FreeRTOS/queue.o
 .debug_macro   0x0000000000021369      0x26c FreeRTOS/tasks.o
 .debug_macro   0x00000000000215d5       0x10 FreeRTOS/tasks.o
 .debug_macro   0x00000000000215e5      0x1cf FreeRTOS/timers.o
 .debug_macro   0x00000000000217b4       0x97 FreeRTOS/timers.o

.debug_line     0x0000000000000000     0xbf7e
 .debug_line    0x0000000000000000      0x953 Core/Src/main.o
 .debug_line    0x0000000000000953      0x6cb Core/Src/stm32f4xx_hal_msp.o
 .debug_line    0x000000000000101e      0x6d0 Core/Src/stm32f4xx_hal_timebase_tim.o
 .debug_line    0x00000000000016ee      0x734 Core/Src/stm32f4xx_it.o
 .debug_line    0x0000000000001e22      0x6b7 Core/Src/system_stm32f4xx.o
 .debug_line    0x00000000000024d9       0x85 Core/Startup/startup_stm32f407vgtx.o
 .debug_line    0x000000000000255e      0x8a1 Drivers/STM32F4xx_HAL_Driver/Src/stm32f4xx_hal.o
 .debug_line    0x0000000000002dff      0x9c5 Drivers/STM32F4xx_HAL_Driver/Src/stm32f4xx_hal_cortex.o
 .debug_line    0x00000000000037c4      0x880 Drivers/STM32F4xx_HAL_Driver/Src/stm32f4xx_hal_gpio.o
 .debug_line    0x0000000000004044      0x8f9 Drivers/STM32F4xx_HAL_Driver/Src/stm32f4xx_hal_rcc.o
 .debug_line    0x000000000000493d     0x105d Drivers/STM32F4xx_HAL_Driver/Src/stm32f4xx_hal_spi.o
 .debug_line    0x000000000000599a     0x191a Drivers/STM32F4xx_HAL_Driver/Src/stm32f4xx_hal_tim.o
 .debug_line    0x00000000000072b4      0xcb7 Drivers/STM32F4xx_HAL_Driver/Src/stm32f4xx_hal_tim_ex.o
 .debug_line    0x0000000000007f6b      0x6c1 FreeRTOS/ARM_CM4F/port.o
 .debug_line    0x000000000000862c      0x722 FreeRTOS/heap_4.o
 .debug_line    0x0000000000008d4e      0x64d FreeRTOS/list.o
 .debug_line    0x000000000000939b      0xf9b FreeRTOS/queue.o
 .debug_line    0x000000000000a336     0x128a FreeRTOS/tasks.o
 .debug_line    0x000000000000b5c0      0x9be FreeRTOS/timers.o

.debug_str      0x0000000000000000    0xd005d
 .debug_str     0x0000000000000000    0xc74f5 Core/Src/main.o
                                      0xc788f (size before relaxing)
 .debug_str     0x00000000000c74f5       0x53 Core/Src/stm32f4xx_hal_msp.o
                                      0xc2129 (size before relaxing)
 .debug_str     0x00000000000c7548       0xaa Core/Src/stm32f4xx_hal_timebase_tim.o
                                      0xc25c1 (size before relaxing)
 .debug_str     0x00000000000c75f2       0xb7 Core/Src/stm32f4xx_it.o
                                      0xc201f (size before relaxing)
 .debug_str     0x00000000000c76a9       0xc4 Core/Src/system_stm32f4xx.o
                                      0xc1c4b (size before relaxing)
 .debug_str     0x00000000000c776d       0x36 Core/Startup/startup_stm32f407vgtx.o
                                         0x81 (size before relaxing)
 .debug_str     0x00000000000c77a3      0x542 Drivers/STM32F4xx_HAL_Driver/Src/stm32f4xx_hal.o
                                      0xc2718 (size before relaxing)
 .debug_str     0x00000000000c7ce5      0x392 Drivers/STM32F4xx_HAL_Driver/Src/stm32f4xx_hal_cortex.o
                                      0xc2507 (size before relaxing)
 .debug_str     0x00000000000c8077      0x1ec Drivers/STM32F4xx_HAL_Driver/Src/stm32f4xx_hal_gpio.o
                                      0xc1e8a (size before relaxing)
 .debug_str     0x00000000000c8263      0x24f Drivers/STM32F4xx_HAL_Driver/Src/stm32f4xx_hal_rcc.o
                                      0xc2038 (size before relaxing)
 .debug_str     0x00000000000c84b2      0x560 Drivers/STM32F4xx_HAL_Driver/Src/stm32f4xx_hal_spi.o
                                      0xc24b9 (size before relaxing)
 .debug_str     0x00000000000c8a12      0xd69 Drivers/STM32F4xx_HAL_Driver/Src/stm32f4xx_hal_tim.o
                                      0xc2d57 (size before relaxing)
 .debug_str     0x00000000000c977b      0x4ec Drivers/STM32F4xx_HAL_Driver/Src/stm32f4xx_hal_tim_ex.o
                                      0xc2557 (size before relaxing)
 .debug_str     0x00000000000c9c67      0x84d FreeRTOS/ARM_CM4F/port.o
                                       0x85b5 (size before relaxing)
 .debug_str     0x00000000000ca4b4     0x3217 FreeRTOS/heap_4.o
                                       0xafdb (size before relaxing)
 .debug_str     0x00000000000cd6cb      0x112 FreeRTOS/list.o
                                       0xa7f9 (size before relaxing)
 .debug_str     0x00000000000cd7dd      0x8a5 FreeRTOS/queue.o
                                       0xbefb (size before relaxing)
 .debug_str     0x00000000000ce082     0x1ae7 FreeRTOS/tasks.o
                                       0xcb96 (size before relaxing)
 .debug_str     0x00000000000cfb69      0x4f4 FreeRTOS/timers.o
                                       0xc2fc (size before relaxing)

.comment        0x0000000000000000       0x7b
 .comment       0x0000000000000000       0x7b Core/Src/main.o
                                         0x7c (size before relaxing)
 .comment       0x000000000000007b       0x7c Core/Src/stm32f4xx_hal_msp.o
 .comment       0x000000000000007b       0x7c Core/Src/stm32f4xx_hal_timebase_tim.o
 .comment       0x000000000000007b       0x7c Core/Src/stm32f4xx_it.o
 .comment       0x000000000000007b       0x7c Core/Src/system_stm32f4xx.o
 .comment       0x000000000000007b       0x7c Drivers/STM32F4xx_HAL_Driver/Src/stm32f4xx_hal.o
 .comment       0x000000000000007b       0x7c Drivers/STM32F4xx_HAL_Driver/Src/stm32f4xx_hal_cortex.o
 .comment       0x000000000000007b       0x7c Drivers/STM32F4xx_HAL_Driver/Src/stm32f4xx_hal_gpio.o
 .comment       0x000000000000007b       0x7c Drivers/STM32F4xx_HAL_Driver/Src/stm32f4xx_hal_rcc.o
 .comment       0x000000000000007b       0x7c Drivers/STM32F4xx_HAL_Driver/Src/stm32f4xx_hal_spi.o
 .comment       0x000000000000007b       0x7c Drivers/STM32F4xx_HAL_Driver/Src/stm32f4xx_hal_tim.o
 .comment       0x000000000000007b       0x7c Drivers/STM32F4xx_HAL_Driver/Src/stm32f4xx_hal_tim_ex.o
 .comment       0x000000000000007b       0x7c FreeRTOS/ARM_CM4F/port.o
 .comment       0x000000000000007b       0x7c FreeRTOS/heap_4.o
 .comment       0x000000000000007b       0x7c FreeRTOS/list.o
 .comment       0x000000000000007b       0x7c FreeRTOS/queue.o
 .comment       0x000000000000007b       0x7c FreeRTOS/tasks.o
 .comment       0x000000000000007b       0x7c FreeRTOS/timers.o

.debug_frame    0x0000000000000000     0x4324
 .debug_frame   0x0000000000000000      0x194 Core/Src/main.o
 .debug_frame   0x0000000000000194       0x80 Core/Src/stm32f4xx_hal_msp.o
 .debug_frame   0x0000000000000214       0x74 Core/Src/stm32f4xx_hal_timebase_tim.o
 .debug_frame   0x0000000000000288       0xe0 Core/Src/stm32f4xx_it.o
 .debug_frame   0x0000000000000368       0x58 Core/Src/system_stm32f4xx.o
 .debug_frame   0x00000000000003c0      0x374 Drivers/STM32F4xx_HAL_Driver/Src/stm32f4xx_hal.o
 .debug_frame   0x0000000000000734      0x498 Drivers/STM32F4xx_HAL_Driver/Src/stm32f4xx_hal_cortex.o
 .debug_frame   0x0000000000000bcc      0x14c Drivers/STM32F4xx_HAL_Driver/Src/stm32f4xx_hal_gpio.o
 .debug_frame   0x0000000000000d18      0x1f0 Drivers/STM32F4xx_HAL_Driver/Src/stm32f4xx_hal_rcc.o
 .debug_frame   0x0000000000000f08      0x824 Drivers/STM32F4xx_HAL_Driver/Src/stm32f4xx_hal_spi.o
 .debug_frame   0x000000000000172c     0x10f0 Drivers/STM32F4xx_HAL_Driver/Src/stm32f4xx_hal_tim.o
 .debug_frame   0x000000000000281c      0x5c0 Drivers/STM32F4xx_HAL_Driver/Src/stm32f4xx_hal_tim_ex.o
 .debug_frame   0x0000000000002ddc      0x1a8 FreeRTOS/ARM_CM4F/port.o
 .debug_frame   0x0000000000002f84      0x108 FreeRTOS/heap_4.o
 .debug_frame   0x000000000000308c       0xd8 FreeRTOS/list.o
 .debug_frame   0x0000000000003164      0x530 FreeRTOS/queue.o
 .debug_frame   0x0000000000003694      0x854 FreeRTOS/tasks.o
 .debug_frame   0x0000000000003ee8      0x368 FreeRTOS/timers.o
 .debug_frame   0x0000000000004250       0x2c /opt/st/stm32cubeide_1.5.1/plugins/com.st.stm32cube.ide.mcu.externaltools.gnu-tools-for-stm32.7-2018-q2-update.linux64_1.5.0.202011040924/tools/bin/../lib/gcc/arm-none-eabi/7.3.1/../../../../arm-none-eabi/lib/thumb/v7e-m/fpv4-sp/hard/libc_nano.a(lib_a-init.o)
 .debug_frame   0x000000000000427c       0x28 /opt/st/stm32cubeide_1.5.1/plugins/com.st.stm32cube.ide.mcu.externaltools.gnu-tools-for-stm32.7-2018-q2-update.linux64_1.5.0.202011040924/tools/bin/../lib/gcc/arm-none-eabi/7.3.1/../../../../arm-none-eabi/lib/thumb/v7e-m/fpv4-sp/hard/libc_nano.a(lib_a-memcpy-stub.o)
 .debug_frame   0x00000000000042a4       0x20 /opt/st/stm32cubeide_1.5.1/plugins/com.st.stm32cube.ide.mcu.externaltools.gnu-tools-for-stm32.7-2018-q2-update.linux64_1.5.0.202011040924/tools/bin/../lib/gcc/arm-none-eabi/7.3.1/../../../../arm-none-eabi/lib/thumb/v7e-m/fpv4-sp/hard/libc_nano.a(lib_a-memset.o)
 .debug_frame   0x00000000000042c4       0x2c /opt/st/stm32cubeide_1.5.1/plugins/com.st.stm32cube.ide.mcu.externaltools.gnu-tools-for-stm32.7-2018-q2-update.linux64_1.5.0.202011040924/tools/bin/../lib/gcc/arm-none-eabi/7.3.1/thumb/v7e-m/fpv4-sp/hard/libgcc.a(_aeabi_uldivmod.o)
 .debug_frame   0x00000000000042f0       0x34 /opt/st/stm32cubeide_1.5.1/plugins/com.st.stm32cube.ide.mcu.externaltools.gnu-tools-for-stm32.7-2018-q2-update.linux64_1.5.0.202011040924/tools/bin/../lib/gcc/arm-none-eabi/7.3.1/thumb/v7e-m/fpv4-sp/hard/libgcc.a(_udivmoddi4.o)
